     0.000   GOAL                   SET-BUFFER-CHUNK GOAL GOAL REQUESTED NIL 
     0.000   VISION                 SET-BUFFER-CHUNK VISUAL-LOCATION LOC0 REQUESTED NIL 
     0.000   PROCEDURAL             CONFLICT-RESOLUTION 
     0.000   PROCEDURAL             PRODUCTION-SELECTED FIND-UNATTENDED-LETTER 
     0.000   PROCEDURAL             BUFFER-READ-ACTION GOAL 
     0.050   PROCEDURAL             PRODUCTION-FIRED FIND-UNATTENDED-LETTER 
     0.050   PROCEDURAL             MOD-BUFFER-CHUNK GOAL 
     0.050   PROCEDURAL             MODULE-REQUEST VISUAL-LOCATION 
     0.050   PROCEDURAL             CLEAR-BUFFER VISUAL-LOCATION 
     0.050   VISION                 Find-location 
     0.050   VISION                 SET-BUFFER-CHUNK VISUAL-LOCATION LOC1 
     0.050   PROCEDURAL             CONFLICT-RESOLUTION 
     0.050   PROCEDURAL             PRODUCTION-SELECTED ATTEND-LETTER 
     0.050   PROCEDURAL             BUFFER-READ-ACTION GOAL 
     0.050   PROCEDURAL             BUFFER-READ-ACTION VISUAL-LOCATION 
     0.050   PROCEDURAL             QUERY-BUFFER-ACTION VISUAL 
     0.100   PROCEDURAL             PRODUCTION-FIRED ATTEND-LETTER 
     0.100   PROCEDURAL             MOD-BUFFER-CHUNK GOAL 
     0.100   PROCEDURAL             MODULE-REQUEST VISUAL 
     0.100   PROCEDURAL             CLEAR-BUFFER VISUAL-LOCATION 
     0.100   PROCEDURAL             CLEAR-BUFFER VISUAL 
     0.100   VISION                 Move-attention LOC1-0 NIL 
     0.100   PROCEDURAL             CONFLICT-RESOLUTION 
     0.185   VISION                 Encoding-complete LOC1-0 NIL 
     0.185   VISION                 SET-BUFFER-CHUNK VISUAL TEXT0 
     0.185   PROCEDURAL             CONFLICT-RESOLUTION 
     0.185   PROCEDURAL             PRODUCTION-SELECTED ENCODE-LETTER 
     0.185   PROCEDURAL             BUFFER-READ-ACTION GOAL 
     0.185   PROCEDURAL             BUFFER-READ-ACTION VISUAL 
     0.235   PROCEDURAL             PRODUCTION-FIRED ENCODE-LETTER 
     0.235   PROCEDURAL             MOD-BUFFER-CHUNK GOAL 
     0.235   PROCEDURAL             MODULE-REQUEST IMAGINAL 
     0.235   PROCEDURAL             CLEAR-BUFFER VISUAL 
     0.235   PROCEDURAL             CLEAR-BUFFER IMAGINAL 
     0.235   PROCEDURAL             CONFLICT-RESOLUTION 
     0.435   IMAGINAL               CREATE-NEW-BUFFER-CHUNK IMAGINAL ISA ARRAY 
     0.435   IMAGINAL               SET-BUFFER-CHUNK IMAGINAL ARRAY0 
     0.435   PROCEDURAL             CONFLICT-RESOLUTION 
     0.435   PROCEDURAL             PRODUCTION-SELECTED RESPOND 
     0.435   PROCEDURAL             BUFFER-READ-ACTION GOAL 
     0.435   PROCEDURAL             BUFFER-READ-ACTION IMAGINAL 
     0.435   PROCEDURAL             QUERY-BUFFER-ACTION MANUAL 
     0.485   PROCEDURAL             PRODUCTION-FIRED RESPOND 
     0.485   PROCEDURAL             MOD-BUFFER-CHUNK GOAL 
     0.485   PROCEDURAL             MODULE-REQUEST MANUAL 
     0.485   PROCEDURAL             CLEAR-BUFFER IMAGINAL 
     0.485   PROCEDURAL             CLEAR-BUFFER MANUAL 
     0.485   MOTOR                  PRESS-KEY v 
     0.485   PROCEDURAL             CONFLICT-RESOLUTION 
     0.735   MOTOR                  PREPARATION-COMPLETE 
     0.735   PROCEDURAL             CONFLICT-RESOLUTION 
     0.785   MOTOR                  INITIATION-COMPLETE 
     0.785   PROCEDURAL             CONFLICT-RESOLUTION 
     0.885   MOTOR                  OUTPUT-KEY #(4 5) 
     0.885   PROCEDURAL             CONFLICT-RESOLUTION 
     0.970   VISION                 Encoding-complete LOC1-0 NIL 
     0.970   VISION                 No visual-object found 
     0.970   PROCEDURAL             CONFLICT-RESOLUTION 
     1.035   MOTOR                  FINISH-MOVEMENT 
     1.035   PROCEDURAL             CONFLICT-RESOLUTION 
     1.035   ------                 Stopped because no events left to process 
