     0.000   GOAL                   SET-BUFFER-CHUNK GOAL REPORT0 REQUESTED NIL 
     0.000   VISION                 SET-BUFFER-CHUNK VISUAL-LOCATION LOC0 REQUESTED NIL 
     0.000   PROCEDURAL             CONFLICT-RESOLUTION 
     0.000   PROCEDURAL             PRODUCTION-SELECTED FOUND-LETTER 
     0.000   PROCEDURAL             BUFFER-READ-ACTION VISUAL-LOCATION 
     0.000   PROCEDURAL             QUERY-BUFFER-ACTION VISUAL 
     0.050   PROCEDURAL             PRODUCTION-FIRED FOUND-LETTER 
     0.050   PROCEDURAL             MODULE-REQUEST VISUAL 
     0.050   PROCEDURAL             CLEAR-BUFFER VISUAL-LOCATION 
     0.050   PROCEDURAL             CLEAR-BUFFER VISUAL 
     0.050   VISION                 Move-attention LOC0-0 NIL 
     0.050   PROCEDURAL             CONFLICT-RESOLUTION 
     0.135   VISION                 Encoding-complete LOC0-0 NIL 
     0.135   VISION                 SET-BUFFER-CHUNK VISUAL TEXT0 
     0.135   PROCEDURAL             CONFLICT-RESOLUTION 
     0.135   PROCEDURAL             PRODUCTION-SELECTED TRACK-LETTER 
     0.135   PROCEDURAL             BUFFER-READ-ACTION VISUAL 
     0.135   PROCEDURAL             QUERY-BUFFER-ACTION VISUAL 
     0.185   PROCEDURAL             PRODUCTION-FIRED TRACK-LETTER 
     0.185   PROCEDURAL             MODULE-REQUEST VISUAL 
     0.185   PROCEDURAL             CLEAR-BUFFER VISUAL 
     0.185   VISION                 Start-tracking 
     0.185   PROCEDURAL             CONFLICT-RESOLUTION 
     0.185   VISION                 SET-BUFFER-CHUNK VISUAL-LOCATION LOC3 REQUESTED NIL 
     0.185   VISION                 SET-BUFFER-CHUNK VISUAL TEXT1 REQUESTED NIL 
     0.185   PROCEDURAL             CONFLICT-RESOLUTION 
     0.185   PROCEDURAL             PRODUCTION-SELECTED REPORT 
     0.185   PROCEDURAL             BUFFER-READ-ACTION GOAL 
     0.185   PROCEDURAL             BUFFER-READ-ACTION VISUAL-LOCATION 
     0.185   PROCEDURAL             BUFFER-READ-ACTION VISUAL 
     0.235   PROCEDURAL             PRODUCTION-FIRED REPORT 
THE "x" IS AT 15 160 
VISUAL-LOCATION: LOC3-0 [LOC3]
LOC3-0
  ISA VISUAL-LOCATION
   SCREEN-X  15
   SCREEN-Y  160
   DISTANCE  15.0
   KIND  TEXT
   COLOR  BLACK
   VALUE  TEXT
   SIZE  NIL
   NEAREST  NIL
   OBJECTS  NIL
   USERPROP1  NIL
   USERPROP2  NIL
   USERPROP3  NIL
   USERPROP4  NIL

VISUAL: TEXT1-0 
TEXT1-0
  ISA TEXT
   SCREEN-POS  LOC3-0
   VALUE  "x"
   STATUS  NIL
   COLOR  BLACK
   HEIGHT  10
   WIDTH  7

     0.235   PROCEDURAL             MOD-BUFFER-CHUNK GOAL 
     0.235   PROCEDURAL             CONFLICT-RESOLUTION 
     0.235   PROCEDURAL             PRODUCTION-SELECTED CASE-1 
     0.235   PROCEDURAL             BUFFER-READ-ACTION GOAL 
     0.285   PROCEDURAL             PRODUCTION-FIRED CASE-1 
     0.285   PROCEDURAL             MOD-BUFFER-CHUNK GOAL 
     0.285   PROCEDURAL             CLEAR-BUFFER VISUAL-LOCATION 
     0.285   PROCEDURAL             CLEAR-BUFFER VISUAL 
     0.285   PROCEDURAL             CONFLICT-RESOLUTION 
     0.286   NONE                   MOVE-IT 
     0.286   VISION                 SET-BUFFER-CHUNK VISUAL-LOCATION LOC5 REQUESTED NIL 
     0.286   VISION                 SET-BUFFER-CHUNK VISUAL TEXT2 REQUESTED NIL 
     0.286   PROCEDURAL             CONFLICT-RESOLUTION 
     0.286   PROCEDURAL             PRODUCTION-SELECTED REPORT 
     0.286   PROCEDURAL             BUFFER-READ-ACTION GOAL 
     0.286   PROCEDURAL             BUFFER-READ-ACTION VISUAL-LOCATION 
     0.286   PROCEDURAL             BUFFER-READ-ACTION VISUAL 
     0.336   PROCEDURAL             PRODUCTION-FIRED REPORT 
THE "x" IS AT 25 160 
VISUAL-LOCATION: LOC5-0 [LOC5]
LOC5-0
  ISA VISUAL-LOCATION
   SCREEN-X  25
   SCREEN-Y  160
   DISTANCE  15.0
   KIND  TEXT
   COLOR  BLACK
   VALUE  TEXT
   SIZE  NIL
   NEAREST  NIL
   OBJECTS  NIL
   USERPROP1  NIL
   USERPROP2  NIL
   USERPROP3  NIL
   USERPROP4  NIL

VISUAL: TEXT2-0 
TEXT2-0
  ISA TEXT
   SCREEN-POS  LOC5-0
   VALUE  "x"
   STATUS  NIL
   COLOR  BLACK
   HEIGHT  10
   WIDTH  7

     0.336   PROCEDURAL             MOD-BUFFER-CHUNK GOAL 
     0.336   PROCEDURAL             CONFLICT-RESOLUTION 
     0.336   PROCEDURAL             PRODUCTION-SELECTED CASE-2 
     0.336   PROCEDURAL             BUFFER-READ-ACTION GOAL 
     0.386   PROCEDURAL             PRODUCTION-FIRED CASE-2 
     0.386   PROCEDURAL             MOD-BUFFER-CHUNK GOAL 
     0.386   PROCEDURAL             CLEAR-BUFFER VISUAL-LOCATION 
     0.386   PROCEDURAL             CONFLICT-RESOLUTION 
     0.387   NONE                   MOVE-IT 
     0.387   VISION                 SET-BUFFER-CHUNK VISUAL-LOCATION LOC7 REQUESTED NIL 
     0.387   VISION                 MOD-BUFFER-CHUNK VISUAL 
     0.387   PROCEDURAL             CONFLICT-RESOLUTION 
     0.387   PROCEDURAL             PRODUCTION-SELECTED REPORT 
     0.387   PROCEDURAL             BUFFER-READ-ACTION GOAL 
     0.387   PROCEDURAL             BUFFER-READ-ACTION VISUAL-LOCATION 
     0.387   PROCEDURAL             BUFFER-READ-ACTION VISUAL 
     0.437   PROCEDURAL             PRODUCTION-FIRED REPORT 
THE "x" IS AT 35 160 
VISUAL-LOCATION: LOC7-0 [LOC7]
LOC7-0
  ISA VISUAL-LOCATION
   SCREEN-X  35
   SCREEN-Y  160
   DISTANCE  15.0
   KIND  TEXT
   COLOR  BLACK
   VALUE  TEXT
   SIZE  NIL
   NEAREST  NIL
   OBJECTS  NIL
   USERPROP1  NIL
   USERPROP2  NIL
   USERPROP3  NIL
   USERPROP4  NIL

VISUAL: TEXT2-0 
TEXT2-0
  ISA TEXT
   SCREEN-POS  LOC7-0
   VALUE  "x"
   STATUS  NIL
   COLOR  BLACK
   HEIGHT  10
   WIDTH  7

     0.437   PROCEDURAL             MOD-BUFFER-CHUNK GOAL 
     0.437   PROCEDURAL             CONFLICT-RESOLUTION 
     0.437   PROCEDURAL             PRODUCTION-SELECTED CASE-3 
     0.437   PROCEDURAL             BUFFER-READ-ACTION GOAL 
     0.487   PROCEDURAL             PRODUCTION-FIRED CASE-3 
     0.487   PROCEDURAL             MOD-BUFFER-CHUNK GOAL 
     0.487   PROCEDURAL             OVERWRITE-BUFFER-CHUNK VISUAL VO-1 
     0.487   PROCEDURAL             CLEAR-BUFFER VISUAL-LOCATION 
     0.487   PROCEDURAL             CONFLICT-RESOLUTION 
     0.488   NONE                   MOVE-IT 
     0.488   VISION                 SET-BUFFER-CHUNK VISUAL-LOCATION LOC9 REQUESTED NIL 
     0.488   PROCEDURAL             CONFLICT-RESOLUTION 
     0.488   PROCEDURAL             PRODUCTION-SELECTED REPORT 
     0.488   PROCEDURAL             BUFFER-READ-ACTION GOAL 
     0.488   PROCEDURAL             BUFFER-READ-ACTION VISUAL-LOCATION 
     0.488   PROCEDURAL             BUFFER-READ-ACTION VISUAL 
     0.538   PROCEDURAL             PRODUCTION-FIRED REPORT 
THE UNKNOWN IS AT 45 160 
VISUAL-LOCATION: LOC9-0 [LOC9]
LOC9-0
  ISA VISUAL-LOCATION
   SCREEN-X  45
   SCREEN-Y  160
   DISTANCE  15.0
   KIND  TEXT
   COLOR  BLACK
   VALUE  TEXT
   SIZE  NIL
   NEAREST  NIL
   OBJECTS  NIL
   USERPROP1  NIL
   USERPROP2  NIL
   USERPROP3  NIL
   USERPROP4  NIL

VISUAL: VO-1-0 [VO-1]
VO-1-0
  ISA VISUAL-OBJECT
   SCREEN-POS  NIL
   VALUE  UNKNOWN
   STATUS  NIL
   COLOR  NIL
   HEIGHT  NIL
   WIDTH  NIL

     0.538   PROCEDURAL             MOD-BUFFER-CHUNK GOAL 
     0.538   PROCEDURAL             CONFLICT-RESOLUTION 
     0.538   PROCEDURAL             PRODUCTION-SELECTED CASE-4 
     0.538   PROCEDURAL             BUFFER-READ-ACTION GOAL 
     0.588   PROCEDURAL             PRODUCTION-FIRED CASE-4 
     0.588   PROCEDURAL             MOD-BUFFER-CHUNK GOAL 
     0.588   PROCEDURAL             CLEAR-BUFFER VISUAL 
     0.588   PROCEDURAL             CONFLICT-RESOLUTION 
     0.589   NONE                   MOVE-IT 
     0.589   VISION                 MOD-BUFFER-CHUNK VISUAL-LOCATION 
     0.589   VISION                 SET-BUFFER-CHUNK VISUAL TEXT5 REQUESTED NIL 
     0.589   PROCEDURAL             CONFLICT-RESOLUTION 
     0.589   PROCEDURAL             PRODUCTION-SELECTED REPORT 
     0.589   PROCEDURAL             BUFFER-READ-ACTION GOAL 
     0.589   PROCEDURAL             BUFFER-READ-ACTION VISUAL-LOCATION 
     0.589   PROCEDURAL             BUFFER-READ-ACTION VISUAL 
     0.639   PROCEDURAL             PRODUCTION-FIRED REPORT 
THE "x" IS AT 55 160 
VISUAL-LOCATION: LOC9-0 
LOC9-0
  ISA VISUAL-LOCATION
   SCREEN-X  55
   SCREEN-Y  160
   DISTANCE  15.0
   KIND  TEXT
   COLOR  BLACK
   VALUE  TEXT
   SIZE  NIL
   NEAREST  NIL
   OBJECTS  NIL
   USERPROP1  NIL
   USERPROP2  NIL
   USERPROP3  NIL
   USERPROP4  NIL

VISUAL: TEXT5-0 [TEXT5]
TEXT5-0
  ISA TEXT
   SCREEN-POS  LOC9-0
   VALUE  "x"
   STATUS  NIL
   COLOR  BLACK
   HEIGHT  10
   WIDTH  7

     0.639   PROCEDURAL             MOD-BUFFER-CHUNK GOAL 
     0.639   PROCEDURAL             CONFLICT-RESOLUTION 
     0.639   PROCEDURAL             PRODUCTION-SELECTED CASE-5 
     0.639   PROCEDURAL             BUFFER-READ-ACTION GOAL 
     0.689   PROCEDURAL             PRODUCTION-FIRED CASE-5 
     0.689   PROCEDURAL             MOD-BUFFER-CHUNK GOAL 
     0.689   PROCEDURAL             CONFLICT-RESOLUTION 
     0.689   PROCEDURAL             PRODUCTION-SELECTED REPORT 
     0.689   PROCEDURAL             BUFFER-READ-ACTION GOAL 
     0.689   PROCEDURAL             BUFFER-READ-ACTION VISUAL-LOCATION 
     0.689   PROCEDURAL             BUFFER-READ-ACTION VISUAL 
     0.690   NONE                   MOVE-IT 
     0.690   VISION                 MOD-BUFFER-CHUNK VISUAL-LOCATION 
     0.690   VISION                 MOD-BUFFER-CHUNK VISUAL 
     0.739   PROCEDURAL             PRODUCTION-FIRED REPORT 
THE "x" IS AT 55 160 
VISUAL-LOCATION: LOC9-0 
LOC9-0
  ISA VISUAL-LOCATION
   SCREEN-X  65
   SCREEN-Y  160
   DISTANCE  15.0
   KIND  TEXT
   COLOR  BLACK
   VALUE  TEXT
   SIZE  NIL
   NEAREST  NIL
   OBJECTS  NIL
   USERPROP1  NIL
   USERPROP2  NIL
   USERPROP3  NIL
   USERPROP4  NIL

VISUAL: TEXT5-0 
TEXT5-0
  ISA TEXT
   SCREEN-POS  LOC9-0
   VALUE  "x"
   STATUS  NIL
   COLOR  BLACK
   HEIGHT  10
   WIDTH  7

     0.739   PROCEDURAL             MOD-BUFFER-CHUNK GOAL 
     0.739   PROCEDURAL             CONFLICT-RESOLUTION 
     0.739   PROCEDURAL             PRODUCTION-SELECTED CASE-6 
     0.739   PROCEDURAL             BUFFER-READ-ACTION GOAL 
     0.789   PROCEDURAL             PRODUCTION-FIRED CASE-6 
     0.789   PROCEDURAL             MOD-BUFFER-CHUNK GOAL 
     0.789   PROCEDURAL             OVERWRITE-BUFFER-CHUNK VISUAL VO-1 
     0.789   PROCEDURAL             CONFLICT-RESOLUTION 
     0.789   PROCEDURAL             PRODUCTION-SELECTED REPORT 
     0.789   PROCEDURAL             BUFFER-READ-ACTION GOAL 
     0.789   PROCEDURAL             BUFFER-READ-ACTION VISUAL-LOCATION 
     0.789   PROCEDURAL             BUFFER-READ-ACTION VISUAL 
     0.790   NONE                   MOVE-IT 
     0.790   VISION                 MOD-BUFFER-CHUNK VISUAL-LOCATION 
     0.839   PROCEDURAL             PRODUCTION-FIRED REPORT 
THE UNKNOWN IS AT 65 160 
VISUAL-LOCATION: LOC9-0 
LOC9-0
  ISA VISUAL-LOCATION
   SCREEN-X  75
   SCREEN-Y  160
   DISTANCE  15.0
   KIND  TEXT
   COLOR  BLACK
   VALUE  TEXT
   SIZE  NIL
   NEAREST  NIL
   OBJECTS  NIL
   USERPROP1  NIL
   USERPROP2  NIL
   USERPROP3  NIL
   USERPROP4  NIL

VISUAL: VO-1-1 [VO-1]
VO-1-1
  ISA VISUAL-OBJECT
   SCREEN-POS  NIL
   VALUE  UNKNOWN
   STATUS  NIL
   COLOR  NIL
   HEIGHT  NIL
   WIDTH  NIL

     0.839   PROCEDURAL             MOD-BUFFER-CHUNK GOAL 
     0.839   PROCEDURAL             CONFLICT-RESOLUTION 
     0.839   PROCEDURAL             PRODUCTION-SELECTED CASE-7 
     0.839   PROCEDURAL             BUFFER-READ-ACTION GOAL 
     0.889   PROCEDURAL             PRODUCTION-FIRED CASE-7 
     0.889   PROCEDURAL             MOD-BUFFER-CHUNK GOAL 
     0.889   PROCEDURAL             OVERWRITE-BUFFER-CHUNK VISUAL-LOCATION VL-1 
     0.889   PROCEDURAL             CLEAR-BUFFER VISUAL 
     0.889   PROCEDURAL             CONFLICT-RESOLUTION 
     0.890   NONE                   MOVE-IT 
     0.890   VISION                 SET-BUFFER-CHUNK VISUAL TEXT8 REQUESTED NIL 
     0.890   PROCEDURAL             CONFLICT-RESOLUTION 
     0.890   PROCEDURAL             PRODUCTION-SELECTED REPORT 
     0.890   PROCEDURAL             BUFFER-READ-ACTION GOAL 
     0.890   PROCEDURAL             BUFFER-READ-ACTION VISUAL-LOCATION 
     0.890   PROCEDURAL             BUFFER-READ-ACTION VISUAL 
     0.940   PROCEDURAL             PRODUCTION-FIRED REPORT 
THE "x" IS AT X Y 
VISUAL-LOCATION: VL-1-0 [VL-1]
VL-1-0
  ISA VISUAL-LOCATION
   SCREEN-X  X
   SCREEN-Y  Y
   DISTANCE  NIL
   KIND  NIL
   COLOR  NIL
   VALUE  NIL
   SIZE  NIL
   NEAREST  NIL
   OBJECTS  NIL
   USERPROP1  NIL
   USERPROP2  NIL
   USERPROP3  NIL
   USERPROP4  NIL

VISUAL: TEXT8-0 [TEXT8]
TEXT8-0
  ISA TEXT
   SCREEN-POS  LOC17
   VALUE  "x"
   STATUS  NIL
   COLOR  BLACK
   HEIGHT  10
   WIDTH  7

     0.940   PROCEDURAL             MOD-BUFFER-CHUNK GOAL 
     0.940   PROCEDURAL             CONFLICT-RESOLUTION 
     0.940   PROCEDURAL             PRODUCTION-SELECTED CASE-8 
     0.940   PROCEDURAL             BUFFER-READ-ACTION GOAL 
     0.990   PROCEDURAL             PRODUCTION-FIRED CASE-8 
     0.990   PROCEDURAL             MOD-BUFFER-CHUNK GOAL 
     0.990   PROCEDURAL             OVERWRITE-BUFFER-CHUNK VISUAL-LOCATION VL-1 
     0.990   PROCEDURAL             CONFLICT-RESOLUTION 
     0.990   PROCEDURAL             PRODUCTION-SELECTED REPORT 
     0.990   PROCEDURAL             BUFFER-READ-ACTION GOAL 
     0.990   PROCEDURAL             BUFFER-READ-ACTION VISUAL-LOCATION 
     0.990   PROCEDURAL             BUFFER-READ-ACTION VISUAL 
     0.991   NONE                   MOVE-IT 
     0.991   VISION                 MOD-BUFFER-CHUNK VISUAL 
     1.040   PROCEDURAL             PRODUCTION-FIRED REPORT 
THE "x" IS AT X Y 
VISUAL-LOCATION: VL-1-1 [VL-1]
VL-1-1
  ISA VISUAL-LOCATION
   SCREEN-X  X
   SCREEN-Y  Y
   DISTANCE  NIL
   KIND  NIL
   COLOR  NIL
   VALUE  NIL
   SIZE  NIL
   NEAREST  NIL
   OBJECTS  NIL
   USERPROP1  NIL
   USERPROP2  NIL
   USERPROP3  NIL
   USERPROP4  NIL

VISUAL: TEXT8-0 
TEXT8-0
  ISA TEXT
   SCREEN-POS  LOC19
   VALUE  "x"
   STATUS  NIL
   COLOR  BLACK
   HEIGHT  10
   WIDTH  7

     1.040   PROCEDURAL             MOD-BUFFER-CHUNK GOAL 
     1.040   PROCEDURAL             CONFLICT-RESOLUTION 
     1.040   PROCEDURAL             PRODUCTION-SELECTED CASE-9 
     1.040   PROCEDURAL             BUFFER-READ-ACTION GOAL 
     1.090   PROCEDURAL             PRODUCTION-FIRED CASE-9 
     1.090   PROCEDURAL             MOD-BUFFER-CHUNK GOAL 
     1.090   PROCEDURAL             OVERWRITE-BUFFER-CHUNK VISUAL-LOCATION VL-1 
     1.090   PROCEDURAL             OVERWRITE-BUFFER-CHUNK VISUAL VO-1 
     1.090   PROCEDURAL             CONFLICT-RESOLUTION 
     1.090   PROCEDURAL             PRODUCTION-SELECTED REPORT 
     1.090   PROCEDURAL             BUFFER-READ-ACTION GOAL 
     1.090   PROCEDURAL             BUFFER-READ-ACTION VISUAL-LOCATION 
     1.090   PROCEDURAL             BUFFER-READ-ACTION VISUAL 
     1.091   NONE                   MOVE-IT 
     1.140   PROCEDURAL             PRODUCTION-FIRED REPORT 
THE UNKNOWN IS AT X Y 
VISUAL-LOCATION: VL-1-2 [VL-1]
VL-1-2
  ISA VISUAL-LOCATION
   SCREEN-X  X
   SCREEN-Y  Y
   DISTANCE  NIL
   KIND  NIL
   COLOR  NIL
   VALUE  NIL
   SIZE  NIL
   NEAREST  NIL
   OBJECTS  NIL
   USERPROP1  NIL
   USERPROP2  NIL
   USERPROP3  NIL
   USERPROP4  NIL

VISUAL: VO-1-2 [VO-1]
VO-1-2
  ISA VISUAL-OBJECT
   SCREEN-POS  NIL
   VALUE  UNKNOWN
   STATUS  NIL
   COLOR  NIL
   HEIGHT  NIL
   WIDTH  NIL

     1.140   PROCEDURAL             MOD-BUFFER-CHUNK GOAL 
     1.140   PROCEDURAL             CONFLICT-RESOLUTION 
     1.140   PROCEDURAL             PRODUCTION-SELECTED CASE-9 
     1.140   PROCEDURAL             BUFFER-READ-ACTION GOAL 
     1.190   PROCEDURAL             PRODUCTION-FIRED CASE-9 
     1.190   PROCEDURAL             MOD-BUFFER-CHUNK GOAL 
     1.190   PROCEDURAL             OVERWRITE-BUFFER-CHUNK VISUAL-LOCATION VL-1 
     1.190   PROCEDURAL             OVERWRITE-BUFFER-CHUNK VISUAL VO-1 
     1.190   PROCEDURAL             CONFLICT-RESOLUTION 
     1.190   PROCEDURAL             PRODUCTION-SELECTED REPORT 
     1.190   PROCEDURAL             BUFFER-READ-ACTION GOAL 
     1.190   PROCEDURAL             BUFFER-READ-ACTION VISUAL-LOCATION 
     1.190   PROCEDURAL             BUFFER-READ-ACTION VISUAL 
     1.191   NONE                   MOVE-IT 
     1.240   PROCEDURAL             PRODUCTION-FIRED REPORT 
THE UNKNOWN IS AT X Y 
VISUAL-LOCATION: VL-1-3 [VL-1]
VL-1-3
  ISA VISUAL-LOCATION
   SCREEN-X  X
   SCREEN-Y  Y
   DISTANCE  NIL
   KIND  NIL
   COLOR  NIL
   VALUE  NIL
   SIZE  NIL
   NEAREST  NIL
   OBJECTS  NIL
   USERPROP1  NIL
   USERPROP2  NIL
   USERPROP3  NIL
   USERPROP4  NIL

VISUAL: VO-1-3 [VO-1]
VO-1-3
  ISA VISUAL-OBJECT
   SCREEN-POS  NIL
   VALUE  UNKNOWN
   STATUS  NIL
   COLOR  NIL
   HEIGHT  NIL
   WIDTH  NIL

     1.240   PROCEDURAL             MOD-BUFFER-CHUNK GOAL 
     1.240   PROCEDURAL             CONFLICT-RESOLUTION 
     1.240   PROCEDURAL             PRODUCTION-SELECTED CASE-9 
     1.240   PROCEDURAL             BUFFER-READ-ACTION GOAL 
     1.290   PROCEDURAL             PRODUCTION-FIRED CASE-9 
     1.290   PROCEDURAL             MOD-BUFFER-CHUNK GOAL 
     1.290   PROCEDURAL             OVERWRITE-BUFFER-CHUNK VISUAL-LOCATION VL-1 
     1.290   PROCEDURAL             OVERWRITE-BUFFER-CHUNK VISUAL VO-1 
     1.290   PROCEDURAL             CONFLICT-RESOLUTION 
     1.290   PROCEDURAL             PRODUCTION-SELECTED REPORT 
     1.290   PROCEDURAL             BUFFER-READ-ACTION GOAL 
     1.290   PROCEDURAL             BUFFER-READ-ACTION VISUAL-LOCATION 
     1.290   PROCEDURAL             BUFFER-READ-ACTION VISUAL 
     1.291   NONE                   MOVE-IT 
     1.340   PROCEDURAL             PRODUCTION-FIRED REPORT 
THE UNKNOWN IS AT X Y 
VISUAL-LOCATION: VL-1-4 [VL-1]
VL-1-4
  ISA VISUAL-LOCATION
   SCREEN-X  X
   SCREEN-Y  Y
   DISTANCE  NIL
   KIND  NIL
   COLOR  NIL
   VALUE  NIL
   SIZE  NIL
   NEAREST  NIL
   OBJECTS  NIL
   USERPROP1  NIL
   USERPROP2  NIL
   USERPROP3  NIL
   USERPROP4  NIL

VISUAL: VO-1-4 [VO-1]
VO-1-4
  ISA VISUAL-OBJECT
   SCREEN-POS  NIL
   VALUE  UNKNOWN
   STATUS  NIL
   COLOR  NIL
   HEIGHT  NIL
   WIDTH  NIL

     1.340   PROCEDURAL             MOD-BUFFER-CHUNK GOAL 
     1.340   PROCEDURAL             CONFLICT-RESOLUTION 
     1.340   PROCEDURAL             PRODUCTION-SELECTED CASE-9 
     1.340   PROCEDURAL             BUFFER-READ-ACTION GOAL 
     1.390   PROCEDURAL             PRODUCTION-FIRED CASE-9 
     1.390   PROCEDURAL             MOD-BUFFER-CHUNK GOAL 
     1.390   PROCEDURAL             OVERWRITE-BUFFER-CHUNK VISUAL-LOCATION VL-1 
     1.390   PROCEDURAL             OVERWRITE-BUFFER-CHUNK VISUAL VO-1 
     1.390   PROCEDURAL             CONFLICT-RESOLUTION 
     1.390   PROCEDURAL             PRODUCTION-SELECTED REPORT 
     1.390   PROCEDURAL             BUFFER-READ-ACTION GOAL 
     1.390   PROCEDURAL             BUFFER-READ-ACTION VISUAL-LOCATION 
     1.390   PROCEDURAL             BUFFER-READ-ACTION VISUAL 
     1.391   NONE                   MOVE-IT 
     1.440   PROCEDURAL             PRODUCTION-FIRED REPORT 
THE UNKNOWN IS AT X Y 
VISUAL-LOCATION: VL-1-5 [VL-1]
VL-1-5
  ISA VISUAL-LOCATION
   SCREEN-X  X
   SCREEN-Y  Y
   DISTANCE  NIL
   KIND  NIL
   COLOR  NIL
   VALUE  NIL
   SIZE  NIL
   NEAREST  NIL
   OBJECTS  NIL
   USERPROP1  NIL
   USERPROP2  NIL
   USERPROP3  NIL
   USERPROP4  NIL

VISUAL: VO-1-5 [VO-1]
VO-1-5
  ISA VISUAL-OBJECT
   SCREEN-POS  NIL
   VALUE  UNKNOWN
   STATUS  NIL
   COLOR  NIL
   HEIGHT  NIL
   WIDTH  NIL

     1.440   PROCEDURAL             MOD-BUFFER-CHUNK GOAL 
     1.440   PROCEDURAL             CONFLICT-RESOLUTION 
     1.440   PROCEDURAL             PRODUCTION-SELECTED CASE-9 
     1.440   PROCEDURAL             BUFFER-READ-ACTION GOAL 
     1.490   PROCEDURAL             PRODUCTION-FIRED CASE-9 
     1.490   PROCEDURAL             MOD-BUFFER-CHUNK GOAL 
     1.490   PROCEDURAL             OVERWRITE-BUFFER-CHUNK VISUAL-LOCATION VL-1 
     1.490   PROCEDURAL             OVERWRITE-BUFFER-CHUNK VISUAL VO-1 
     1.490   PROCEDURAL             CONFLICT-RESOLUTION 
     1.490   PROCEDURAL             PRODUCTION-SELECTED REPORT 
     1.490   PROCEDURAL             BUFFER-READ-ACTION GOAL 
     1.490   PROCEDURAL             BUFFER-READ-ACTION VISUAL-LOCATION 
     1.490   PROCEDURAL             BUFFER-READ-ACTION VISUAL 
     1.491   NONE                   MOVE-IT 
     1.540   PROCEDURAL             PRODUCTION-FIRED REPORT 
THE UNKNOWN IS AT X Y 
VISUAL-LOCATION: VL-1-6 [VL-1]
VL-1-6
  ISA VISUAL-LOCATION
   SCREEN-X  X
   SCREEN-Y  Y
   DISTANCE  NIL
   KIND  NIL
   COLOR  NIL
   VALUE  NIL
   SIZE  NIL
   NEAREST  NIL
   OBJECTS  NIL
   USERPROP1  NIL
   USERPROP2  NIL
   USERPROP3  NIL
   USERPROP4  NIL

VISUAL: VO-1-6 [VO-1]
VO-1-6
  ISA VISUAL-OBJECT
   SCREEN-POS  NIL
   VALUE  UNKNOWN
   STATUS  NIL
   COLOR  NIL
   HEIGHT  NIL
   WIDTH  NIL

     1.540   PROCEDURAL             MOD-BUFFER-CHUNK GOAL 
     1.540   PROCEDURAL             CONFLICT-RESOLUTION 
     1.540   PROCEDURAL             PRODUCTION-SELECTED CASE-9 
     1.540   PROCEDURAL             BUFFER-READ-ACTION GOAL 
     1.590   PROCEDURAL             PRODUCTION-FIRED CASE-9 
     1.590   PROCEDURAL             MOD-BUFFER-CHUNK GOAL 
     1.590   PROCEDURAL             OVERWRITE-BUFFER-CHUNK VISUAL-LOCATION VL-1 
     1.590   PROCEDURAL             OVERWRITE-BUFFER-CHUNK VISUAL VO-1 
     1.590   PROCEDURAL             CONFLICT-RESOLUTION 
     1.590   PROCEDURAL             PRODUCTION-SELECTED REPORT 
     1.590   PROCEDURAL             BUFFER-READ-ACTION GOAL 
     1.590   PROCEDURAL             BUFFER-READ-ACTION VISUAL-LOCATION 
     1.590   PROCEDURAL             BUFFER-READ-ACTION VISUAL 
     1.591   NONE                   MOVE-IT 
     1.640   PROCEDURAL             PRODUCTION-FIRED REPORT 
THE UNKNOWN IS AT X Y 
VISUAL-LOCATION: VL-1-7 [VL-1]
VL-1-7
  ISA VISUAL-LOCATION
   SCREEN-X  X
   SCREEN-Y  Y
   DISTANCE  NIL
   KIND  NIL
   COLOR  NIL
   VALUE  NIL
   SIZE  NIL
   NEAREST  NIL
   OBJECTS  NIL
   USERPROP1  NIL
   USERPROP2  NIL
   USERPROP3  NIL
   USERPROP4  NIL

VISUAL: VO-1-7 [VO-1]
VO-1-7
  ISA VISUAL-OBJECT
   SCREEN-POS  NIL
   VALUE  UNKNOWN
   STATUS  NIL
   COLOR  NIL
   HEIGHT  NIL
   WIDTH  NIL

     1.640   PROCEDURAL             MOD-BUFFER-CHUNK GOAL 
     1.640   PROCEDURAL             CONFLICT-RESOLUTION 
     1.640   PROCEDURAL             PRODUCTION-SELECTED CASE-9 
     1.640   PROCEDURAL             BUFFER-READ-ACTION GOAL 
     1.690   PROCEDURAL             PRODUCTION-FIRED CASE-9 
     1.690   PROCEDURAL             MOD-BUFFER-CHUNK GOAL 
     1.690   PROCEDURAL             OVERWRITE-BUFFER-CHUNK VISUAL-LOCATION VL-1 
     1.690   PROCEDURAL             OVERWRITE-BUFFER-CHUNK VISUAL VO-1 
     1.690   PROCEDURAL             CONFLICT-RESOLUTION 
     1.690   PROCEDURAL             PRODUCTION-SELECTED REPORT 
     1.690   PROCEDURAL             BUFFER-READ-ACTION GOAL 
     1.690   PROCEDURAL             BUFFER-READ-ACTION VISUAL-LOCATION 
     1.690   PROCEDURAL             BUFFER-READ-ACTION VISUAL 
     1.691   NONE                   MOVE-IT 
     1.740   PROCEDURAL             PRODUCTION-FIRED REPORT 
THE UNKNOWN IS AT X Y 
VISUAL-LOCATION: VL-1-8 [VL-1]
VL-1-8
  ISA VISUAL-LOCATION
   SCREEN-X  X
   SCREEN-Y  Y
   DISTANCE  NIL
   KIND  NIL
   COLOR  NIL
   VALUE  NIL
   SIZE  NIL
   NEAREST  NIL
   OBJECTS  NIL
   USERPROP1  NIL
   USERPROP2  NIL
   USERPROP3  NIL
   USERPROP4  NIL

VISUAL: VO-1-8 [VO-1]
VO-1-8
  ISA VISUAL-OBJECT
   SCREEN-POS  NIL
   VALUE  UNKNOWN
   STATUS  NIL
   COLOR  NIL
   HEIGHT  NIL
   WIDTH  NIL

     1.740   PROCEDURAL             MOD-BUFFER-CHUNK GOAL 
     1.740   PROCEDURAL             CONFLICT-RESOLUTION 
     1.740   PROCEDURAL             PRODUCTION-SELECTED CASE-9 
     1.740   PROCEDURAL             BUFFER-READ-ACTION GOAL 
     1.790   PROCEDURAL             PRODUCTION-FIRED CASE-9 
     1.790   PROCEDURAL             MOD-BUFFER-CHUNK GOAL 
     1.790   PROCEDURAL             OVERWRITE-BUFFER-CHUNK VISUAL-LOCATION VL-1 
     1.790   PROCEDURAL             OVERWRITE-BUFFER-CHUNK VISUAL VO-1 
     1.790   PROCEDURAL             CONFLICT-RESOLUTION 
     1.790   PROCEDURAL             PRODUCTION-SELECTED REPORT 
     1.790   PROCEDURAL             BUFFER-READ-ACTION GOAL 
     1.790   PROCEDURAL             BUFFER-READ-ACTION VISUAL-LOCATION 
     1.790   PROCEDURAL             BUFFER-READ-ACTION VISUAL 
     1.791   NONE                   MOVE-IT 
     1.840   PROCEDURAL             PRODUCTION-FIRED REPORT 
THE UNKNOWN IS AT X Y 
VISUAL-LOCATION: VL-1-9 [VL-1]
VL-1-9
  ISA VISUAL-LOCATION
   SCREEN-X  X
   SCREEN-Y  Y
   DISTANCE  NIL
   KIND  NIL
   COLOR  NIL
   VALUE  NIL
   SIZE  NIL
   NEAREST  NIL
   OBJECTS  NIL
   USERPROP1  NIL
   USERPROP2  NIL
   USERPROP3  NIL
   USERPROP4  NIL

VISUAL: VO-1-9 [VO-1]
VO-1-9
  ISA VISUAL-OBJECT
   SCREEN-POS  NIL
   VALUE  UNKNOWN
   STATUS  NIL
   COLOR  NIL
   HEIGHT  NIL
   WIDTH  NIL

     1.840   PROCEDURAL             MOD-BUFFER-CHUNK GOAL 
     1.840   PROCEDURAL             CONFLICT-RESOLUTION 
     1.840   PROCEDURAL             PRODUCTION-SELECTED CASE-9 
     1.840   PROCEDURAL             BUFFER-READ-ACTION GOAL 
     1.890   PROCEDURAL             PRODUCTION-FIRED CASE-9 
     1.890   PROCEDURAL             MOD-BUFFER-CHUNK GOAL 
     1.890   PROCEDURAL             OVERWRITE-BUFFER-CHUNK VISUAL-LOCATION VL-1 
     1.890   PROCEDURAL             OVERWRITE-BUFFER-CHUNK VISUAL VO-1 
     1.890   PROCEDURAL             CONFLICT-RESOLUTION 
     1.890   PROCEDURAL             PRODUCTION-SELECTED REPORT 
     1.890   PROCEDURAL             BUFFER-READ-ACTION GOAL 
     1.890   PROCEDURAL             BUFFER-READ-ACTION VISUAL-LOCATION 
     1.890   PROCEDURAL             BUFFER-READ-ACTION VISUAL 
     1.891   NONE                   MOVE-IT 
     1.940   PROCEDURAL             PRODUCTION-FIRED REPORT 
THE UNKNOWN IS AT X Y 
VISUAL-LOCATION: VL-1-10 [VL-1]
VL-1-10
  ISA VISUAL-LOCATION
   SCREEN-X  X
   SCREEN-Y  Y
   DISTANCE  NIL
   KIND  NIL
   COLOR  NIL
   VALUE  NIL
   SIZE  NIL
   NEAREST  NIL
   OBJECTS  NIL
   USERPROP1  NIL
   USERPROP2  NIL
   USERPROP3  NIL
   USERPROP4  NIL

VISUAL: VO-1-10 [VO-1]
VO-1-10
  ISA VISUAL-OBJECT
   SCREEN-POS  NIL
   VALUE  UNKNOWN
   STATUS  NIL
   COLOR  NIL
   HEIGHT  NIL
   WIDTH  NIL

     1.940   PROCEDURAL             MOD-BUFFER-CHUNK GOAL 
     1.940   PROCEDURAL             CONFLICT-RESOLUTION 
     1.940   PROCEDURAL             PRODUCTION-SELECTED CASE-9 
     1.940   PROCEDURAL             BUFFER-READ-ACTION GOAL 
     1.990   PROCEDURAL             PRODUCTION-FIRED CASE-9 
     1.990   PROCEDURAL             MOD-BUFFER-CHUNK GOAL 
     1.990   PROCEDURAL             OVERWRITE-BUFFER-CHUNK VISUAL-LOCATION VL-1 
     1.990   PROCEDURAL             OVERWRITE-BUFFER-CHUNK VISUAL VO-1 
     1.990   PROCEDURAL             CONFLICT-RESOLUTION 
     1.990   PROCEDURAL             PRODUCTION-SELECTED REPORT 
     1.990   PROCEDURAL             BUFFER-READ-ACTION GOAL 
     1.990   PROCEDURAL             BUFFER-READ-ACTION VISUAL-LOCATION 
     1.990   PROCEDURAL             BUFFER-READ-ACTION VISUAL 
     1.991   NONE                   MOVE-IT 
     2.040   PROCEDURAL             PRODUCTION-FIRED REPORT 
THE UNKNOWN IS AT X Y 
VISUAL-LOCATION: VL-1-11 [VL-1]
VL-1-11
  ISA VISUAL-LOCATION
   SCREEN-X  X
   SCREEN-Y  Y
   DISTANCE  NIL
   KIND  NIL
   COLOR  NIL
   VALUE  NIL
   SIZE  NIL
   NEAREST  NIL
   OBJECTS  NIL
   USERPROP1  NIL
   USERPROP2  NIL
   USERPROP3  NIL
   USERPROP4  NIL

VISUAL: VO-1-11 [VO-1]
VO-1-11
  ISA VISUAL-OBJECT
   SCREEN-POS  NIL
   VALUE  UNKNOWN
   STATUS  NIL
   COLOR  NIL
   HEIGHT  NIL
   WIDTH  NIL

     2.040   PROCEDURAL             MOD-BUFFER-CHUNK GOAL 
     2.040   PROCEDURAL             CONFLICT-RESOLUTION 
     2.040   PROCEDURAL             PRODUCTION-SELECTED CASE-9 
     2.040   PROCEDURAL             BUFFER-READ-ACTION GOAL 
     2.090   PROCEDURAL             PRODUCTION-FIRED CASE-9 
     2.090   PROCEDURAL             MOD-BUFFER-CHUNK GOAL 
     2.090   PROCEDURAL             OVERWRITE-BUFFER-CHUNK VISUAL-LOCATION VL-1 
     2.090   PROCEDURAL             OVERWRITE-BUFFER-CHUNK VISUAL VO-1 
     2.090   PROCEDURAL             CONFLICT-RESOLUTION 
     2.090   PROCEDURAL             PRODUCTION-SELECTED REPORT 
     2.090   PROCEDURAL             BUFFER-READ-ACTION GOAL 
     2.090   PROCEDURAL             BUFFER-READ-ACTION VISUAL-LOCATION 
     2.090   PROCEDURAL             BUFFER-READ-ACTION VISUAL 
     2.091   NONE                   MOVE-IT 
     2.140   PROCEDURAL             PRODUCTION-FIRED REPORT 
THE UNKNOWN IS AT X Y 
VISUAL-LOCATION: VL-1-12 [VL-1]
VL-1-12
  ISA VISUAL-LOCATION
   SCREEN-X  X
   SCREEN-Y  Y
   DISTANCE  NIL
   KIND  NIL
   COLOR  NIL
   VALUE  NIL
   SIZE  NIL
   NEAREST  NIL
   OBJECTS  NIL
   USERPROP1  NIL
   USERPROP2  NIL
   USERPROP3  NIL
   USERPROP4  NIL

VISUAL: VO-1-12 [VO-1]
VO-1-12
  ISA VISUAL-OBJECT
   SCREEN-POS  NIL
   VALUE  UNKNOWN
   STATUS  NIL
   COLOR  NIL
   HEIGHT  NIL
   WIDTH  NIL

     2.140   PROCEDURAL             MOD-BUFFER-CHUNK GOAL 
     2.140   PROCEDURAL             CONFLICT-RESOLUTION 
     2.140   PROCEDURAL             PRODUCTION-SELECTED CASE-9 
     2.140   PROCEDURAL             BUFFER-READ-ACTION GOAL 
     2.190   PROCEDURAL             PRODUCTION-FIRED CASE-9 
     2.190   PROCEDURAL             MOD-BUFFER-CHUNK GOAL 
     2.190   PROCEDURAL             OVERWRITE-BUFFER-CHUNK VISUAL-LOCATION VL-1 
     2.190   PROCEDURAL             OVERWRITE-BUFFER-CHUNK VISUAL VO-1 
     2.190   PROCEDURAL             CONFLICT-RESOLUTION 
     2.190   PROCEDURAL             PRODUCTION-SELECTED REPORT 
     2.190   PROCEDURAL             BUFFER-READ-ACTION GOAL 
     2.190   PROCEDURAL             BUFFER-READ-ACTION VISUAL-LOCATION 
     2.190   PROCEDURAL             BUFFER-READ-ACTION VISUAL 
     2.191   NONE                   MOVE-IT 
     2.240   PROCEDURAL             PRODUCTION-FIRED REPORT 
THE UNKNOWN IS AT X Y 
VISUAL-LOCATION: VL-1-13 [VL-1]
VL-1-13
  ISA VISUAL-LOCATION
   SCREEN-X  X
   SCREEN-Y  Y
   DISTANCE  NIL
   KIND  NIL
   COLOR  NIL
   VALUE  NIL
   SIZE  NIL
   NEAREST  NIL
   OBJECTS  NIL
   USERPROP1  NIL
   USERPROP2  NIL
   USERPROP3  NIL
   USERPROP4  NIL

VISUAL: VO-1-13 [VO-1]
VO-1-13
  ISA VISUAL-OBJECT
   SCREEN-POS  NIL
   VALUE  UNKNOWN
   STATUS  NIL
   COLOR  NIL
   HEIGHT  NIL
   WIDTH  NIL

     2.240   PROCEDURAL             MOD-BUFFER-CHUNK GOAL 
     2.240   PROCEDURAL             CONFLICT-RESOLUTION 
     2.240   PROCEDURAL             PRODUCTION-SELECTED CASE-9 
     2.240   PROCEDURAL             BUFFER-READ-ACTION GOAL 
     2.290   PROCEDURAL             PRODUCTION-FIRED CASE-9 
     2.290   PROCEDURAL             MOD-BUFFER-CHUNK GOAL 
     2.290   PROCEDURAL             OVERWRITE-BUFFER-CHUNK VISUAL-LOCATION VL-1 
     2.290   PROCEDURAL             OVERWRITE-BUFFER-CHUNK VISUAL VO-1 
     2.290   PROCEDURAL             CONFLICT-RESOLUTION 
     2.290   PROCEDURAL             PRODUCTION-SELECTED REPORT 
     2.290   PROCEDURAL             BUFFER-READ-ACTION GOAL 
     2.290   PROCEDURAL             BUFFER-READ-ACTION VISUAL-LOCATION 
     2.290   PROCEDURAL             BUFFER-READ-ACTION VISUAL 
     2.291   NONE                   MOVE-IT 
     2.340   PROCEDURAL             PRODUCTION-FIRED REPORT 
THE UNKNOWN IS AT X Y 
VISUAL-LOCATION: VL-1-14 [VL-1]
VL-1-14
  ISA VISUAL-LOCATION
   SCREEN-X  X
   SCREEN-Y  Y
   DISTANCE  NIL
   KIND  NIL
   COLOR  NIL
   VALUE  NIL
   SIZE  NIL
   NEAREST  NIL
   OBJECTS  NIL
   USERPROP1  NIL
   USERPROP2  NIL
   USERPROP3  NIL
   USERPROP4  NIL

VISUAL: VO-1-14 [VO-1]
VO-1-14
  ISA VISUAL-OBJECT
   SCREEN-POS  NIL
   VALUE  UNKNOWN
   STATUS  NIL
   COLOR  NIL
   HEIGHT  NIL
   WIDTH  NIL

     2.340   PROCEDURAL             MOD-BUFFER-CHUNK GOAL 
     2.340   PROCEDURAL             CONFLICT-RESOLUTION 
     2.340   PROCEDURAL             PRODUCTION-SELECTED CASE-9 
     2.340   PROCEDURAL             BUFFER-READ-ACTION GOAL 
     2.390   PROCEDURAL             PRODUCTION-FIRED CASE-9 
     2.390   PROCEDURAL             MOD-BUFFER-CHUNK GOAL 
     2.390   PROCEDURAL             OVERWRITE-BUFFER-CHUNK VISUAL-LOCATION VL-1 
     2.390   PROCEDURAL             OVERWRITE-BUFFER-CHUNK VISUAL VO-1 
     2.390   PROCEDURAL             CONFLICT-RESOLUTION 
     2.390   PROCEDURAL             PRODUCTION-SELECTED REPORT 
     2.390   PROCEDURAL             BUFFER-READ-ACTION GOAL 
     2.390   PROCEDURAL             BUFFER-READ-ACTION VISUAL-LOCATION 
     2.390   PROCEDURAL             BUFFER-READ-ACTION VISUAL 
     2.391   NONE                   MOVE-IT 
     2.440   PROCEDURAL             PRODUCTION-FIRED REPORT 
THE UNKNOWN IS AT X Y 
VISUAL-LOCATION: VL-1-15 [VL-1]
VL-1-15
  ISA VISUAL-LOCATION
   SCREEN-X  X
   SCREEN-Y  Y
   DISTANCE  NIL
   KIND  NIL
   COLOR  NIL
   VALUE  NIL
   SIZE  NIL
   NEAREST  NIL
   OBJECTS  NIL
   USERPROP1  NIL
   USERPROP2  NIL
   USERPROP3  NIL
   USERPROP4  NIL

VISUAL: VO-1-15 [VO-1]
VO-1-15
  ISA VISUAL-OBJECT
   SCREEN-POS  NIL
   VALUE  UNKNOWN
   STATUS  NIL
   COLOR  NIL
   HEIGHT  NIL
   WIDTH  NIL

     2.440   PROCEDURAL             MOD-BUFFER-CHUNK GOAL 
     2.440   PROCEDURAL             CONFLICT-RESOLUTION 
     2.440   PROCEDURAL             PRODUCTION-SELECTED CASE-9 
     2.440   PROCEDURAL             BUFFER-READ-ACTION GOAL 
     2.490   PROCEDURAL             PRODUCTION-FIRED CASE-9 
     2.490   PROCEDURAL             MOD-BUFFER-CHUNK GOAL 
     2.490   PROCEDURAL             OVERWRITE-BUFFER-CHUNK VISUAL-LOCATION VL-1 
     2.490   PROCEDURAL             OVERWRITE-BUFFER-CHUNK VISUAL VO-1 
     2.490   PROCEDURAL             CONFLICT-RESOLUTION 
     2.490   PROCEDURAL             PRODUCTION-SELECTED REPORT 
     2.490   PROCEDURAL             BUFFER-READ-ACTION GOAL 
     2.490   PROCEDURAL             BUFFER-READ-ACTION VISUAL-LOCATION 
     2.490   PROCEDURAL             BUFFER-READ-ACTION VISUAL 
     2.491   NONE                   MOVE-IT 
     2.540   PROCEDURAL             PRODUCTION-FIRED REPORT 
THE UNKNOWN IS AT X Y 
VISUAL-LOCATION: VL-1-16 [VL-1]
VL-1-16
  ISA VISUAL-LOCATION
   SCREEN-X  X
   SCREEN-Y  Y
   DISTANCE  NIL
   KIND  NIL
   COLOR  NIL
   VALUE  NIL
   SIZE  NIL
   NEAREST  NIL
   OBJECTS  NIL
   USERPROP1  NIL
   USERPROP2  NIL
   USERPROP3  NIL
   USERPROP4  NIL

VISUAL: VO-1-16 [VO-1]
VO-1-16
  ISA VISUAL-OBJECT
   SCREEN-POS  NIL
   VALUE  UNKNOWN
   STATUS  NIL
   COLOR  NIL
   HEIGHT  NIL
   WIDTH  NIL

     2.540   PROCEDURAL             MOD-BUFFER-CHUNK GOAL 
     2.540   PROCEDURAL             CONFLICT-RESOLUTION 
     2.540   PROCEDURAL             PRODUCTION-SELECTED CASE-9 
     2.540   PROCEDURAL             BUFFER-READ-ACTION GOAL 
     2.590   PROCEDURAL             PRODUCTION-FIRED CASE-9 
     2.590   PROCEDURAL             MOD-BUFFER-CHUNK GOAL 
     2.590   PROCEDURAL             OVERWRITE-BUFFER-CHUNK VISUAL-LOCATION VL-1 
     2.590   PROCEDURAL             OVERWRITE-BUFFER-CHUNK VISUAL VO-1 
     2.590   PROCEDURAL             CONFLICT-RESOLUTION 
     2.590   PROCEDURAL             PRODUCTION-SELECTED REPORT 
     2.590   PROCEDURAL             BUFFER-READ-ACTION GOAL 
     2.590   PROCEDURAL             BUFFER-READ-ACTION VISUAL-LOCATION 
     2.590   PROCEDURAL             BUFFER-READ-ACTION VISUAL 
     2.591   NONE                   MOVE-IT 
     2.640   PROCEDURAL             PRODUCTION-FIRED REPORT 
THE UNKNOWN IS AT X Y 
VISUAL-LOCATION: VL-1-17 [VL-1]
VL-1-17
  ISA VISUAL-LOCATION
   SCREEN-X  X
   SCREEN-Y  Y
   DISTANCE  NIL
   KIND  NIL
   COLOR  NIL
   VALUE  NIL
   SIZE  NIL
   NEAREST  NIL
   OBJECTS  NIL
   USERPROP1  NIL
   USERPROP2  NIL
   USERPROP3  NIL
   USERPROP4  NIL

VISUAL: VO-1-17 [VO-1]
VO-1-17
  ISA VISUAL-OBJECT
   SCREEN-POS  NIL
   VALUE  UNKNOWN
   STATUS  NIL
   COLOR  NIL
   HEIGHT  NIL
   WIDTH  NIL

     2.640   PROCEDURAL             MOD-BUFFER-CHUNK GOAL 
     2.640   PROCEDURAL             CONFLICT-RESOLUTION 
     2.640   PROCEDURAL             PRODUCTION-SELECTED CASE-9 
     2.640   PROCEDURAL             BUFFER-READ-ACTION GOAL 
     2.690   PROCEDURAL             PRODUCTION-FIRED CASE-9 
     2.690   PROCEDURAL             MOD-BUFFER-CHUNK GOAL 
     2.690   PROCEDURAL             OVERWRITE-BUFFER-CHUNK VISUAL-LOCATION VL-1 
     2.690   PROCEDURAL             OVERWRITE-BUFFER-CHUNK VISUAL VO-1 
     2.690   PROCEDURAL             CONFLICT-RESOLUTION 
     2.690   PROCEDURAL             PRODUCTION-SELECTED REPORT 
     2.690   PROCEDURAL             BUFFER-READ-ACTION GOAL 
     2.690   PROCEDURAL             BUFFER-READ-ACTION VISUAL-LOCATION 
     2.690   PROCEDURAL             BUFFER-READ-ACTION VISUAL 
     2.691   NONE                   MOVE-IT 
     2.740   PROCEDURAL             PRODUCTION-FIRED REPORT 
THE UNKNOWN IS AT X Y 
VISUAL-LOCATION: VL-1-18 [VL-1]
VL-1-18
  ISA VISUAL-LOCATION
   SCREEN-X  X
   SCREEN-Y  Y
   DISTANCE  NIL
   KIND  NIL
   COLOR  NIL
   VALUE  NIL
   SIZE  NIL
   NEAREST  NIL
   OBJECTS  NIL
   USERPROP1  NIL
   USERPROP2  NIL
   USERPROP3  NIL
   USERPROP4  NIL

VISUAL: VO-1-18 [VO-1]
VO-1-18
  ISA VISUAL-OBJECT
   SCREEN-POS  NIL
   VALUE  UNKNOWN
   STATUS  NIL
   COLOR  NIL
   HEIGHT  NIL
   WIDTH  NIL

     2.740   PROCEDURAL             MOD-BUFFER-CHUNK GOAL 
     2.740   PROCEDURAL             CONFLICT-RESOLUTION 
     2.740   PROCEDURAL             PRODUCTION-SELECTED CASE-9 
     2.740   PROCEDURAL             BUFFER-READ-ACTION GOAL 
     2.790   PROCEDURAL             PRODUCTION-FIRED CASE-9 
     2.790   PROCEDURAL             MOD-BUFFER-CHUNK GOAL 
     2.790   PROCEDURAL             OVERWRITE-BUFFER-CHUNK VISUAL-LOCATION VL-1 
     2.790   PROCEDURAL             OVERWRITE-BUFFER-CHUNK VISUAL VO-1 
     2.790   PROCEDURAL             CONFLICT-RESOLUTION 
     2.790   PROCEDURAL             PRODUCTION-SELECTED REPORT 
     2.790   PROCEDURAL             BUFFER-READ-ACTION GOAL 
     2.790   PROCEDURAL             BUFFER-READ-ACTION VISUAL-LOCATION 
     2.790   PROCEDURAL             BUFFER-READ-ACTION VISUAL 
     2.791   NONE                   MOVE-IT 
     2.840   PROCEDURAL             PRODUCTION-FIRED REPORT 
THE UNKNOWN IS AT X Y 
VISUAL-LOCATION: VL-1-19 [VL-1]
VL-1-19
  ISA VISUAL-LOCATION
   SCREEN-X  X
   SCREEN-Y  Y
   DISTANCE  NIL
   KIND  NIL
   COLOR  NIL
   VALUE  NIL
   SIZE  NIL
   NEAREST  NIL
   OBJECTS  NIL
   USERPROP1  NIL
   USERPROP2  NIL
   USERPROP3  NIL
   USERPROP4  NIL

VISUAL: VO-1-19 [VO-1]
VO-1-19
  ISA VISUAL-OBJECT
   SCREEN-POS  NIL
   VALUE  UNKNOWN
   STATUS  NIL
   COLOR  NIL
   HEIGHT  NIL
   WIDTH  NIL

     2.840   PROCEDURAL             MOD-BUFFER-CHUNK GOAL 
     2.840   PROCEDURAL             CONFLICT-RESOLUTION 
     2.840   PROCEDURAL             PRODUCTION-SELECTED CASE-9 
     2.840   PROCEDURAL             BUFFER-READ-ACTION GOAL 
     2.890   PROCEDURAL             PRODUCTION-FIRED CASE-9 
     2.890   PROCEDURAL             MOD-BUFFER-CHUNK GOAL 
     2.890   PROCEDURAL             OVERWRITE-BUFFER-CHUNK VISUAL-LOCATION VL-1 
     2.890   PROCEDURAL             OVERWRITE-BUFFER-CHUNK VISUAL VO-1 
     2.890   PROCEDURAL             CONFLICT-RESOLUTION 
     2.890   PROCEDURAL             PRODUCTION-SELECTED REPORT 
     2.890   PROCEDURAL             BUFFER-READ-ACTION GOAL 
     2.890   PROCEDURAL             BUFFER-READ-ACTION VISUAL-LOCATION 
     2.890   PROCEDURAL             BUFFER-READ-ACTION VISUAL 
     2.891   NONE                   MOVE-IT 
     2.940   PROCEDURAL             PRODUCTION-FIRED REPORT 
THE UNKNOWN IS AT X Y 
VISUAL-LOCATION: VL-1-20 [VL-1]
VL-1-20
  ISA VISUAL-LOCATION
   SCREEN-X  X
   SCREEN-Y  Y
   DISTANCE  NIL
   KIND  NIL
   COLOR  NIL
   VALUE  NIL
   SIZE  NIL
   NEAREST  NIL
   OBJECTS  NIL
   USERPROP1  NIL
   USERPROP2  NIL
   USERPROP3  NIL
   USERPROP4  NIL

VISUAL: VO-1-20 [VO-1]
VO-1-20
  ISA VISUAL-OBJECT
   SCREEN-POS  NIL
   VALUE  UNKNOWN
   STATUS  NIL
   COLOR  NIL
   HEIGHT  NIL
   WIDTH  NIL

     2.940   PROCEDURAL             MOD-BUFFER-CHUNK GOAL 
     2.940   PROCEDURAL             CONFLICT-RESOLUTION 
     2.940   PROCEDURAL             PRODUCTION-SELECTED CASE-9 
     2.940   PROCEDURAL             BUFFER-READ-ACTION GOAL 
     2.990   PROCEDURAL             PRODUCTION-FIRED CASE-9 
     2.990   PROCEDURAL             MOD-BUFFER-CHUNK GOAL 
     2.990   PROCEDURAL             OVERWRITE-BUFFER-CHUNK VISUAL-LOCATION VL-1 
     2.990   PROCEDURAL             OVERWRITE-BUFFER-CHUNK VISUAL VO-1 
     2.990   PROCEDURAL             CONFLICT-RESOLUTION 
     2.990   PROCEDURAL             PRODUCTION-SELECTED REPORT 
     2.990   PROCEDURAL             BUFFER-READ-ACTION GOAL 
     2.990   PROCEDURAL             BUFFER-READ-ACTION VISUAL-LOCATION 
     2.990   PROCEDURAL             BUFFER-READ-ACTION VISUAL 
     2.991   NONE                   MOVE-IT 
     3.000   ------                 Stopped because time limit reached 