     0.000   GOAL                   SET-BUFFER-CHUNK GOAL SECOND-GOAL REQUESTED NIL 
     0.000   PROCEDURAL             CONFLICT-RESOLUTION 
     0.050   PROCEDURAL             PRODUCTION-FIRED INITIALIZE-ADDITION 
     0.050   PROCEDURAL             CLEAR-BUFFER RETRIEVAL 
     0.050   DECLARATIVE            START-RETRIEVAL 
     0.050   PROCEDURAL             CONFLICT-RESOLUTION 
     0.100   DECLARATIVE            RETRIEVED-CHUNK F 
     0.100   DECLARATIVE            SET-BUFFER-CHUNK RETRIEVAL F 
     0.100   PROCEDURAL             CONFLICT-RESOLUTION 
     0.150   PROCEDURAL             PRODUCTION-FIRED INCREMENT-SUM 
     0.150   PROCEDURAL             CLEAR-BUFFER RETRIEVAL 
     0.150   DECLARATIVE            START-RETRIEVAL 
     0.150   PROCEDURAL             CONFLICT-RESOLUTION 
     0.200   DECLARATIVE            RETRIEVED-CHUNK A 
     0.200   DECLARATIVE            SET-BUFFER-CHUNK RETRIEVAL A 
     0.200   PROCEDURAL             CONFLICT-RESOLUTION 
     0.250   PROCEDURAL             PRODUCTION-FIRED INCREMENT-COUNT 
     0.250   PROCEDURAL             CLEAR-BUFFER RETRIEVAL 
     0.250   DECLARATIVE            START-RETRIEVAL 
     0.250   PROCEDURAL             CONFLICT-RESOLUTION 
     0.300   DECLARATIVE            RETRIEVED-CHUNK G 
     0.300   DECLARATIVE            SET-BUFFER-CHUNK RETRIEVAL G 
     0.300   PROCEDURAL             CONFLICT-RESOLUTION 
     0.350   PROCEDURAL             PRODUCTION-FIRED INCREMENT-SUM 
     0.350   PROCEDURAL             CLEAR-BUFFER RETRIEVAL 
     0.350   DECLARATIVE            START-RETRIEVAL 
     0.350   PROCEDURAL             CONFLICT-RESOLUTION 
     0.400   DECLARATIVE            RETRIEVED-CHUNK B 
     0.400   DECLARATIVE            SET-BUFFER-CHUNK RETRIEVAL B 
     0.400   PROCEDURAL             CONFLICT-RESOLUTION 
     0.450   PROCEDURAL             PRODUCTION-FIRED INCREMENT-COUNT 
     0.450   PROCEDURAL             CLEAR-BUFFER RETRIEVAL 
     0.450   DECLARATIVE            START-RETRIEVAL 
     0.450   PROCEDURAL             CONFLICT-RESOLUTION 
     0.500   DECLARATIVE            RETRIEVED-CHUNK H 
     0.500   DECLARATIVE            SET-BUFFER-CHUNK RETRIEVAL H 
     0.500   PROCEDURAL             PRODUCTION-FIRED TERMINATE-ADDITION 
     0.500   PROCEDURAL             CONFLICT-RESOLUTION 
     0.500   ------                 Stopped because no events left to process 
