     0.000   PROCEDURAL             CONFLICT-RESOLUTION 
     0.050   PROCEDURAL             PRODUCTION-FIRED START 
     0.050   PROCEDURAL             CLEAR-BUFFER GOAL 
     0.050   PROCEDURAL             CLEAR-BUFFER RETRIEVAL 
     0.050   GOAL                   SET-BUFFER-CHUNK GOAL CHUNK0 
     0.050   DECLARATIVE            START-RETRIEVAL 
     0.050   PROCEDURAL             CONFLICT-RESOLUTION 
     1.050   DECLARATIVE            RETRIEVAL-FAILURE 
     1.050   PROCEDURAL             CONFLICT-RESOLUTION 
     1.100   PROCEDURAL             PRODUCTION-FIRED TEST 
     1.100   PROCEDURAL             CONFLICT-RESOLUTION 
     1.100   ------                 Stopped because time limit reached 
     0.000   PROCEDURAL             CONFLICT-RESOLUTION 
     0.050   PROCEDURAL             PRODUCTION-FIRED START 
     0.050   PROCEDURAL             CLEAR-BUFFER GOAL 
     0.050   PROCEDURAL             CLEAR-BUFFER RETRIEVAL 
     0.050   GOAL                   SET-BUFFER-CHUNK GOAL CHUNK0 
     0.050   DECLARATIVE            START-RETRIEVAL 
     0.050   PROCEDURAL             CONFLICT-RESOLUTION 
     0.500   PROCEDURAL             CONFLICT-RESOLUTION 
     0.550   PROCEDURAL             PRODUCTION-FIRED TEST 
     0.550   PROCEDURAL             CONFLICT-RESOLUTION 
     0.600   PROCEDURAL             PRODUCTION-FIRED TEST 
     0.600   PROCEDURAL             CONFLICT-RESOLUTION 
     0.650   PROCEDURAL             PRODUCTION-FIRED TEST 
     0.650   PROCEDURAL             CONFLICT-RESOLUTION 
     0.700   PROCEDURAL             PRODUCTION-FIRED TEST 
     0.700   PROCEDURAL             CONFLICT-RESOLUTION 
     0.750   PROCEDURAL             PRODUCTION-FIRED TEST 
     0.750   PROCEDURAL             CONFLICT-RESOLUTION 
     0.800   PROCEDURAL             PRODUCTION-FIRED TEST 
     0.800   PROCEDURAL             CONFLICT-RESOLUTION 
     0.850   PROCEDURAL             PRODUCTION-FIRED TEST 
     0.850   PROCEDURAL             CONFLICT-RESOLUTION 
     0.900   PROCEDURAL             PRODUCTION-FIRED TEST 
     0.900   PROCEDURAL             CONFLICT-RESOLUTION 
     0.950   PROCEDURAL             PRODUCTION-FIRED TEST 
     0.950   PROCEDURAL             CONFLICT-RESOLUTION 
     1.000   PROCEDURAL             PRODUCTION-FIRED TEST 
     1.000   PROCEDURAL             CONFLICT-RESOLUTION 
     1.050   DECLARATIVE            RETRIEVAL-FAILURE 
     1.050   PROCEDURAL             PRODUCTION-FIRED TEST 
     1.050   PROCEDURAL             CONFLICT-RESOLUTION 
     1.100   PROCEDURAL             PRODUCTION-FIRED TEST 
     1.100   PROCEDURAL             CONFLICT-RESOLUTION 
     1.100   ------                 Stopped because time limit reached 
