     0.000   PROCEDURAL             CONFLICT-RESOLUTION 
     0.050   PROCEDURAL             PRODUCTION-FIRED START 
     0.050   PROCEDURAL             CLEAR-BUFFER IMAGINAL-ACTION 
     0.050   IMAGINAL               CLEAR-BUFFER IMAGINAL 
     0.050   PROCEDURAL             CONFLICT-RESOLUTION 
     0.250   IMAGINAL               SET-BUFFER-CHUNK IMAGINAL SIMPLE0 
     0.250   PROCEDURAL             CONFLICT-RESOLUTION 
     0.300   PROCEDURAL             PRODUCTION-FIRED INCREMENT 
     0.300   PROCEDURAL             CLEAR-BUFFER IMAGINAL-ACTION 
     0.300   PROCEDURAL             CONFLICT-RESOLUTION 
     0.450   IMAGINAL               MOD-BUFFER-CHUNK IMAGINAL 
     0.450   PROCEDURAL             CONFLICT-RESOLUTION 
     0.500   PROCEDURAL             PRODUCTION-FIRED INCREMENT 
     0.500   PROCEDURAL             CLEAR-BUFFER IMAGINAL-ACTION 
     0.500   PROCEDURAL             CONFLICT-RESOLUTION 
     0.650   IMAGINAL               MOD-BUFFER-CHUNK IMAGINAL 
     0.650   PROCEDURAL             CONFLICT-RESOLUTION 
     0.700   PROCEDURAL             PRODUCTION-FIRED INCREMENT 
     0.700   PROCEDURAL             CLEAR-BUFFER IMAGINAL-ACTION 
     0.700   PROCEDURAL             CONFLICT-RESOLUTION 
     0.850   IMAGINAL               MOD-BUFFER-CHUNK IMAGINAL 
     0.850   PROCEDURAL             CONFLICT-RESOLUTION 
     0.900   PROCEDURAL             PRODUCTION-FIRED INCREMENT 
     0.900   PROCEDURAL             CLEAR-BUFFER IMAGINAL-ACTION 
     0.900   PROCEDURAL             CONFLICT-RESOLUTION 
     1.050   IMAGINAL               MOD-BUFFER-CHUNK IMAGINAL 
     1.050   PROCEDURAL             CONFLICT-RESOLUTION 
     1.100   PROCEDURAL             PRODUCTION-FIRED DONT-INCREMENT 
     1.100   PROCEDURAL             CLEAR-BUFFER IMAGINAL-ACTION 
     1.100   IMAGINAL               CLEAR-BUFFER IMAGINAL 
     1.100   PROCEDURAL             CONFLICT-RESOLUTION 
     1.300   PROCEDURAL             CONFLICT-RESOLUTION 
     1.350   PROCEDURAL             PRODUCTION-FIRED STOP 
     1.350   PROCEDURAL             CLEAR-BUFFER IMAGINAL 
     1.350   PROCEDURAL             CONFLICT-RESOLUTION 
     1.550   IMAGINAL               SET-BUFFER-CHUNK IMAGINAL CHUNK0 
     1.550   PROCEDURAL             CONFLICT-RESOLUTION 
     1.550   ------                 Stopped because no events left to process 
